// Jest Snapshot v1, https://goo.gl/fbAQLP

exports[`AnyUnderSixteens snapshot renders correctly 1`] = `
Array [
  <h1>
    Your fostering journey
  </h1>,
  <h2>
    Children living away from your home
  </h2>,
  <h3>
    first name
     
    last name
  </h3>,
  <form
    onSubmit={[Function]}
  >
    <h3
      className="no-margin-bottom"
    >
      Do you have any children under 16 who live away from your home?
    </h3>
    <fieldset>
      <div
        className="input-radio-container"
        role="radiogroup"
      >
        <input
          checked={true}
          disabled={undefined}
          id="any-children-under-sixteen-yes"
          name="anyChildrenUnderSixteen"
          onChange={[Function]}
          type="radio"
          value="true"
        />
        <label
          htmlFor="any-children-under-sixteen-yes"
        >
          Yes
        </label>
      </div>
      <div
        className="input-radio-container"
        role="radiogroup"
      >
        <input
          checked={false}
          disabled={undefined}
          id="any-children-under-sixteen-no"
          name="anyChildrenUnderSixteen"
          onChange={[Function]}
          type="radio"
          value="false"
        />
        <label
          htmlFor="any-children-under-sixteen-no"
        >
          No
        </label>
      </div>
    </fieldset>
    <button
      className="button-primary"
      disabled={false}
      id={undefined}
      onClick={undefined}
      type="submit"
    >
      Next step
    </button>
    <p>
      <a
        href="#"
        onClick={[Function]}
      >
        Back
      </a>
    </p>
    <button
      className="button-disabled left-chevron"
      disabled={true}
      id={undefined}
      onClick={[Function]}
      type="submit"
    >
      Save and go back to fostering area
    </button>
  </form>,
]
`;
