// Jest Snapshot v1, https://goo.gl/fbAQLP

exports[`DoYouKnowCouncillors snapshot should render correctly 1`] = `
Array [
  <h1>
    Your fostering journey
  </h1>,
  <h2>
    Personal relationships with local councillors or council employees
  </h2>,
  <form
    onSubmit={[Function]}
  >
    <h3
      className="no-margin-bottom"
    >
      Do you have a personal relationship with a local councillor or council employee?
    </h3>
    <fieldset>
      <div
        className="input-radio-container"
        role="radiogroup"
      >
        <input
          checked={false}
          disabled={undefined}
          id="has-contact-with-councillor-yes"
          name="hasContactWithCouncillor"
          onChange={[Function]}
          type="radio"
          value="true"
        />
        <label
          htmlFor="has-contact-with-councillor-yes"
        >
          Yes
        </label>
      </div>
      <div
        className="input-radio-container"
        role="radiogroup"
      >
        <input
          checked={false}
          disabled={undefined}
          id="has-contact-with-councillor-no"
          name="hasContactWithCouncillor"
          onChange={[Function]}
          type="radio"
          value="false"
        />
        <label
          htmlFor="has-contact-with-councillor-no"
        >
          No
        </label>
      </div>
    </fieldset>
    <button
      className="button-primary"
      disabled={true}
      id={undefined}
      onClick={undefined}
      type="submit"
    >
      Next step
    </button>
    <p>
      <a
        href="#"
        onClick={[Function]}
      >
        Previous
      </a>
    </p>
    <button
      className="button-disabled left-chevron"
      disabled={true}
      id={undefined}
      onClick={[Function]}
      type="submit"
    >
      Save and go back to fostering area
    </button>
  </form>,
]
`;
