// Jest Snapshot v1, https://goo.gl/fbAQLP

exports[`AnyPeopleInYourHousehold snapshot renders correctly 1`] = `
Array [
  <h1>
    Your fostering journey
  </h1>,
  <h2>
    Your household
  </h2>,
  <form
    onSubmit={[Function]}
  >
    <h3
      className="no-margin-bottom"
    >
      Are there other people living in your home?
    </h3>
    <fieldset>
      <div
        className="input-radio-container"
        role="radiogroup"
      >
        <input
          checked={false}
          disabled={undefined}
          id="any-other-people-yes"
          name="anyOtherPeopleInYourHousehold"
          onChange={[Function]}
          type="radio"
          value="true"
        />
        <label
          htmlFor="any-other-people-yes"
        >
          Yes
        </label>
      </div>
      <div
        className="input-radio-container"
        role="radiogroup"
      >
        <input
          checked={false}
          disabled={undefined}
          id="any-other-people-no"
          name="anyOtherPeopleInYourHousehold"
          onChange={[Function]}
          type="radio"
          value="false"
        />
        <label
          htmlFor="any-other-people-no"
        >
          No
        </label>
      </div>
    </fieldset>
    <button
      className="button-primary"
      disabled={false}
      id={undefined}
      onClick={undefined}
      type="submit"
    >
      Next step
    </button>
  </form>,
  <p>
    <a
      href="#"
      onClick={[Function]}
    >
      Previous
    </a>
  </p>,
]
`;
