// Jest Snapshot v1, https://goo.gl/fbAQLP

exports[`KnownByAnotherName snapshot renders correctly 1`] = `
Array [
  <h1>
    Your fostering journey
  </h1>,
  <h2>
    Tell us more about you
  </h2>,
  <h3>
    first name
     
    last name
  </h3>,
  <form
    onSubmit={[Function]}
  >
    <h3
      className="no-margin-bottom"
    >
      Have you ever been known by another name?
    </h3>
    <fieldset>
      <div
        className="input-radio-container"
        role="radiogroup"
      >
        <input
          checked={true}
          disabled={undefined}
          id="have-you-been-known-yes"
          name="everBeenKnownByAnotherName"
          onChange={[Function]}
          type="radio"
          value="true"
        />
        <label
          htmlFor="have-you-been-known-yes"
        >
          Yes
        </label>
      </div>
      <div
        className="additional-list-component"
      >
        <label
          className="optional"
          htmlFor="anotherName"
        >
          Previous name
        </label>
        <input
          aria-label=""
          aria-live=""
          className=""
          id="anotherName"
          inputMode={undefined}
          maxLength="60"
          min={undefined}
          name="anotherName"
          onChange={[Function]}
          onKeyDown={[Function]}
          pattern={undefined}
          type="text"
          value="last name"
        />
      </div>
      <div
        className="input-radio-container"
        role="radiogroup"
      >
        <input
          checked={false}
          disabled={undefined}
          id="have-you-been-known-no"
          name="everBeenKnownByAnotherName"
          onChange={[Function]}
          type="radio"
          value="false"
        />
        <label
          htmlFor="have-you-been-known-no"
        >
          No
        </label>
      </div>
    </fieldset>
    <button
      className="button-primary"
      disabled={false}
      id={undefined}
      onClick={undefined}
      type="submit"
    >
      Next step
    </button>
    <p>
      <a
        href="#"
        onClick={[Function]}
      >
        Back
      </a>
    </p>
  </form>,
]
`;
